........................................................................ [ 18%]
........................................................................ [ 37%]
........................................................................ [ 56%]
........................................................................ [ 75%]
........................................................................ [ 94%]
.....................                                                    [100%]
PYTEST_EXIT=0
